// Vitest Snapshot v1, https://vitest.dev/guide/snapshot.html

exports[`renderLlm – snapshot (medium fixture) > matches snapshot 1`] = `
"# FigJam Export: Retro Board

Board: Sprint Retro.fig
Exported: 2026-05-21T09:00:00.000Z
Scope: Whole page
Content: 3 sections, 10 sticky notes, 18 votes

Export settings:
- Votes: included
- Section hierarchy: included
- Author attribution: excluded

---
## Went Well

### Sticky
Fast CI pipeline (4 votes)

### Sticky
Great collaboration (3 votes)

### Sticky
Clear sprint goal (1 vote)

## To Improve

### Sticky
Too many meetings (5 votes)

### Sticky
Unclear requirements (2 votes)

### Sticky
Flaky tests (1 vote)

### Subgroup

#### Sticky
Nested sticky A (2 votes)

#### Sticky
Nested sticky B

## Action Items

### Sticky
Schedule fewer standups

### Sticky
Write acceptance criteria

### Sticky
Fix flaky test suite"
`;
