// Vitest Snapshot v1, https://vitest.dev/guide/snapshot.html

exports[`renderLlm – snapshot (medium fixture) > matches snapshot 1`] = `
"# FigJam Workshop Export

This is an export from a FigJam collaborative session. The structure below
reflects the workshop's organization:
- Headings are sections the facilitator created
- Bullet items are sticky notes, text, or labeled shapes
- Vote counts (when present) indicate participant prioritization

Source: Sprint Retro.fig / Retro Board
Exported: 2026-05-21T09:00:00.000Z

---
## Went Well

- Fast CI pipeline *(4 votes)*
- Great collaboration *(3 votes)*
- Clear sprint goal *(1 vote)*

## To Improve

- Too many meetings *(5 votes)*
- Unclear requirements *(2 votes)*
- Flaky tests *(1 vote)*

### Subgroup

- Nested sticky A *(2 votes)*
- Nested sticky B

## Action Items

- Schedule fewer standups
- Write acceptance criteria
- Fix flaky test suite"
`;
