// Vitest Snapshot v1, https://vitest.dev/guide/snapshot.html

exports[`renderMarkdownAi – snapshot (medium fixture) > matches snapshot 1`] = `
"# Distiller FigJam Export: Retro Board

Board: Sprint Retro.fig
Exported: 2026-05-21T09:00:00.000Z
Scope: Whole page
Content: 3 sections, 10 sticky notes, 18 votes

Export settings:
- Votes: included
- Section hierarchy: included
- Author attribution: excluded

---
## Went Well

### Sticky · 4 votes
Fast CI pipeline

### Sticky · 3 votes
Great collaboration

### Sticky · 1 vote
Clear sprint goal

## To Improve

### Sticky · 5 votes
Too many meetings

### Sticky · 2 votes
Unclear requirements

### Sticky · 1 vote
Flaky tests

### Subgroup

#### Sticky · 2 votes
Nested sticky A

#### Sticky
Nested sticky B

## Action Items

### Sticky
Schedule fewer standups

### Sticky
Write acceptance criteria

### Sticky
Fix flaky test suite"
`;
