// Vitest Snapshot v1, https://vitest.dev/guide/snapshot.html

exports[`renderPlaintext – snapshot (medium fixture) > matches snapshot 1`] = `
"Went Well

  Sticky · 4 votes
  Fast CI pipeline

  Sticky · 3 votes
  Great collaboration

  Sticky · 1 vote
  Clear sprint goal

To Improve

  Sticky · 5 votes
  Too many meetings

  Sticky · 2 votes
  Unclear requirements

  Sticky · 1 vote
  Flaky tests

  Subgroup

    Sticky · 2 votes
    Nested sticky A

    Sticky
    Nested sticky B

Action Items

  Sticky
  Schedule fewer standups

  Sticky
  Write acceptance criteria

  Sticky
  Fix flaky test suite"
`;
